../Core/Src/BMP280.c:43:17:bmp280_i2c_address	16	static
../Core/Src/BMP280.c:48:17:read_u16_le	16	static
../Core/Src/BMP280.c:53:16:read_s16_le	16	static
../Core/Src/BMP280.c:58:13:bmp280_read_registers	48	static
../Core/Src/BMP280.c:70:13:bmp280_write_u8	40	static
../Core/Src/BMP280.c:81:13:bmp280_read_u8	24	static
../Core/Src/BMP280.c:86:13:bmp280_read_calibration	40	static
../Core/Src/BMP280.c:110:13:bmp280_read_humidity_calibration	24	static
../Core/Src/BMP280.c:128:13:bmp280_detect_device	16	static
../Core/Src/BMP280.c:137:13:bmp280_reset_device	24	static
../Core/Src/BMP280.c:165:13:bmp280_apply_configuration	24	static
../Core/Src/BMP280.c:196:6:bmp280_init_default_params	16	static
../Core/Src/BMP280.c:210:6:bmp280_init	16	static
../Core/Src/BMP280.c:234:6:bmp280_force_measurement	24	static
../Core/Src/BMP280.c:248:6:bmp280_get_measuring_status	24	static
../Core/Src/BMP280.c:261:6:bmp280_is_measuring	24	static
../Core/Src/BMP280.c:272:23:compensate_temperature	32	static
../Core/Src/BMP280.c:283:24:compensate_pressure	336	static
../Core/Src/BMP280.c:307:24:compensate_humidity	32	static
../Core/Src/BMP280.c:336:6:bmp280_read_fixed	56	static
../Core/Src/BMP280.c:379:6:bmp280_read_float	40	static
